layer at (0,0) size 800x600
  RenderView at (0,0) size 800x600
layer at (0,0) size 800x600
  RenderBlock {HTML} at (0,0) size 800x600
    RenderBody {BODY} at (8,8) size 784x584
      RenderBlock {P} at (0,0) size 784x18
        RenderText {#text} at (0,0) size 179x18
          text run at (0,0) width 179: "<picture> version of test for "
        RenderInline {A} at (0,0) size 60x18 [color=#0000EE]
          RenderText {#text} at (179,0) size 60x18
            text run at (179,0) width 60: "bug 3438"
        RenderText {#text} at (239,0) size 202x18
          text run at (239,0) width 202: ": rendering of 1x1 PNG images."
      RenderBlock {P} at (0,34) size 784x18
        RenderText {#text} at (0,0) size 283x18
          text run at (0,0) width 283: "The two squares should have the same color:"
      RenderBlock (anonymous) at (0,68) size 784x54
        RenderImage {PICTURE} at (0,0) size 50x50
        RenderText {#text} at (50,36) size 4x18
          text run at (50,36) width 4: " "
        RenderImage {PICTURE} at (54,0) size 50x50
        RenderText {#text} at (0,0) size 0x0
